---
source: tests/suite/generate_pom_test.rs
expression: pom_content
---
<project>
    <modelVersion>4.0.0</modelVersion>
    <groupId>com.example</groupId>
    <artifactId>generate-pom</artifactId>
    <version>2.0.0</version>
    <packaging>jar</packaging>
    <dependencies>
        <dependency>
            <groupId>com.google.auto.value</groupId>
            <artifactId>auto-value</artifactId>
            <version>1.11.1</version>
            <scope>compile</scope>
            <optional>false</optional>
            <type>jar</type>
        </dependency>
        <dependency>
            <groupId>com.google.auto.value</groupId>
            <artifactId>auto-value-annotations</artifactId>
            <version>1.11.1</version>
            <scope>compile</scope>
            <optional>false</optional>
            <type>jar</type>
        </dependency>
        <dependency>
            <groupId>org.apache.commons</groupId>
            <artifactId>commons-lang3</artifactId>
            <version>3.20.0</version>
            <scope>compile</scope>
            <optional>false</optional>
            <type>jar</type>
        </dependency>
    </dependencies>
    <build>
        <plugins>
            <plugin>
                <groupId>org.apache.maven.plugins</groupId>
                <artifactId>maven-compiler-plugin</artifactId>
                <version>3.11.0</version>
                <configuration>
                    <annotationProcessorPaths>
                        <path>
                            <groupId>com.google.auto.value</groupId>
                            <artifactId>auto-value</artifactId>
                            <version>1.11.1</version>
                        </path>
                    </annotationProcessorPaths>
                </configuration>
            </plugin>
        </plugins>
    </build>
</project>
