---
source: tests/suite/import_pom_test.rs
expression: normalized
---
[dependencies]
commons-lang3 = { group = "org.apache.commons", version = "3.12.0", scope = "compile" }
guava = { group = "com.google.guava", version = "33.0.0-jre", scope = "compile" }
local-lib = { path = "<ROOT>/libs/local-lib.jar" }

[project]
name = "my-library"
group = "com.example"
artifact = "my-library"
version = "1.2.3"

[setup]
src = "src/main/java"

[resources]
external = ["src/main/resources/**"]
