---
source: tests/suite/group44_test.rs
expression: "normalize_output(&run(&dest, &[\"build\", \"dependancies\"])?, &dest)"
---
    Validating lib
    Validating lib-annotations
  - Account.java (saveData/Account.java)
  - Account.java (saveData/Account.java)
  - Account.java (saveData/Account.java)
  - Account.java (saveData/Account.java)
  - Account.java (saveData/Account.java)
  - Account.java (saveData/Account.java)
  - Account.java (saveData/Account.java)
  - Account.java (saveData/Account.java)
  - Account.java (saveData/Account.java)
  - Account.java (saveData/Account.java)
  - Account.java (saveData/Account.java)
  - Account.java (saveData/Account.java)
  - Boat.java (gameplayScreens/Boat.java)
  - Boat.java (gameplayScreens/Boat.java)
  - Boat.java (gameplayScreens/Boat.java)
  - Boat.java (gameplayScreens/Boat.java)
  - Boat.java (gameplayScreens/Boat.java)
  - Client.java (eventSystem/networking/client/Client.java)
  - ClientEventEngine.java (eventSystem/engine/ClientEventEngine.java)
  - ClientEventEngine.java (eventSystem/engine/ClientEventEngine.java)
  - ClientEventEngine.java (eventSystem/engine/ClientEventEngine.java)
  - ClientEventEngine.java (eventSystem/engine/ClientEventEngine.java)
  - ClientEventEngine.java (eventSystem/engine/ClientEventEngine.java)
  - ClientEventEngine.java (eventSystem/engine/ClientEventEngine.java)
  - ClientState.java (state/clientState/ClientState.java)
  - ClientState.java (state/clientState/ClientState.java)
  - ClientState.java (state/clientState/ClientState.java)
  - ClientState.java (state/clientState/ClientState.java)
  - ClientState.java (state/clientState/ClientState.java)
  - ClientState.java (state/clientState/ClientState.java)
  - ClientState.java (state/clientState/ClientState.java)
  - ClientState.java (state/clientState/ClientState.java)
  - ClientState.java (state/clientState/ClientState.java)
  - ClientState.java (state/clientState/ClientState.java)
  - ColorManager.java (utils/ColorManager.java)
  - ColorManager.java (utils/ColorManager.java)
  - ColorManager.java (utils/ColorManager.java)
  - ColorManager.java (utils/ColorManager.java)
  - ColorManager.java (utils/ColorManager.java)
  - ColorManager.java (utils/ColorManager.java)
  - ColorManager.java (utils/ColorManager.java)
  - ColorManager.java (utils/ColorManager.java)
  - ColorManager.java (utils/ColorManager.java)
  - ColorManager.java (utils/ColorManager.java)
  - ColorManager.java (utils/ColorManager.java)
  - ColorManager.java (utils/ColorManager.java)
  - ColorManager.java (utils/ColorManager.java)
  - ColorManager.java (utils/ColorManager.java)
  - ColorManager.java (utils/ColorManager.java)
  - ColorManager.java (utils/ColorManager.java)
  - ColorManager.java (utils/ColorManager.java)
  - ColorManager.java (utils/ColorManager.java)
  - ColorManager.java (utils/ColorManager.java)
  - ColorManager.java (utils/ColorManager.java)
  - ColorManager.java (utils/ColorManager.java)
  - ColorManager.java (utils/ColorManager.java)
  - ColorManager.java (utils/ColorManager.java)
  - ColorManager.java (utils/ColorManager.java)
  - ColorManager.java (utils/ColorManager.java)
  - ColorManager.java (utils/ColorManager.java)
  - ColorManager.java (utils/ColorManager.java)
  - ColorManager.java (utils/ColorManager.java)
  - Controller.java (controller/Controller.java)
  - Controller.java (controller/Controller.java)
  - CreateAccountPage.java (parentalControls/CreateAccountPage.java)
  - CreateAccountPage.java (parentalControls/CreateAccountPage.java)
  - CreateAccountPage.java (parentalControls/CreateAccountPage.java)
  - CreateAccountPage.java (parentalControls/CreateAccountPage.java)
  - CreateAccountPage.java (parentalControls/CreateAccountPage.java)
  - DisconnectEvent.java (state/clientState/events/DisconnectEvent.java)
  - DisconnectEvent.java (state/clientState/events/DisconnectEvent.java)
  - DisconnectEvent.java (state/clientState/events/DisconnectEvent.java)
  - DisconnectEvent.java (state/clientState/events/DisconnectEvent.java)
  - DisconnectEvent.java (state/clientState/events/DisconnectEvent.java)
  - EchoServer.java (eventSystem/engine/EchoServer.java)
  - EchoServer.java (eventSystem/engine/EchoServer.java)
  - Event.java (eventSystem/events/Event.java)
  - Event.java (eventSystem/events/Event.java)
  - Event.java (eventSystem/events/Event.java)
  - Event.java (eventSystem/events/Event.java)
  - Event.java (eventSystem/events/Event.java)
  - Event.java (eventSystem/events/Event.java)
  - Event.java (eventSystem/events/Event.java)
  - Event.java (eventSystem/events/Event.java)
  - Event.java (eventSystem/events/Event.java)
  - EventCallback.java (eventSystem/events/EventCallback.java)
  - EventCallback.java (eventSystem/events/EventCallback.java)
  - EventCallback.java (eventSystem/events/EventCallback.java)
  - EventCallback.java (eventSystem/events/EventCallback.java)
  - EventCallback.java (eventSystem/events/EventCallback.java)
  - EventCoder.java (eventSystem/events/EventCoder.java)
  - EventCoder.java (eventSystem/events/EventCoder.java)
  - EventCoder.java (eventSystem/events/EventCoder.java)
  - EventCoder.java (eventSystem/events/EventCoder.java)
  - EventCoder.java (eventSystem/events/EventCoder.java)
  - EventCoder.java (eventSystem/events/EventCoder.java)
  - EventCoder.java (eventSystem/events/EventCoder.java)
  - EventManager.java (eventSystem/events/EventManager.java)
  - EventManager.java (eventSystem/events/EventManager.java)
  - EventManager.java (eventSystem/events/EventManager.java)
  - EventManager.java (eventSystem/events/EventManager.java)
  - EventManager.java (eventSystem/events/EventManager.java)
  - EventManager.java (eventSystem/events/EventManager.java)
  - FindRoomsPage.java (playerScreen/FindRoomsPage.java)
  - FindRoomsPage.java (playerScreen/FindRoomsPage.java)
  - FindRoomsPage.java (playerScreen/FindRoomsPage.java)
  - FindRoomsPage.java (playerScreen/FindRoomsPage.java)
  - FindRoomsPage.java (playerScreen/FindRoomsPage.java)
  - FindRoomsPage.java (playerScreen/FindRoomsPage.java)
  - FindRoomsPage.java (playerScreen/FindRoomsPage.java)
  - Flexbox.java (UIComponents/Flexbox.java)
  - Flexbox.java (UIComponents/Flexbox.java)
  - Flexbox.java (UIComponents/Flexbox.java)
  - Flexbox.java (UIComponents/Flexbox.java)
  - Flexbox.java (UIComponents/Flexbox.java)
  - Flexbox.java (UIComponents/Flexbox.java)
  - Flexbox.java (UIComponents/Flexbox.java)
  - Flexbox.java (UIComponents/Flexbox.java)
  - Flexbox.java (UIComponents/Flexbox.java)
  - Flexbox.java (UIComponents/Flexbox.java)
  - Flexbox.java (UIComponents/Flexbox.java)
  - Flexbox.java (UIComponents/Flexbox.java)
  - Flexbox.java (UIComponents/Flexbox.java)
  - Flexbox.java (UIComponents/Flexbox.java)
  - Flexbox.java (UIComponents/Flexbox.java)
  - Flexbox.java (UIComponents/Flexbox.java)
  - Flexbox.java (UIComponents/Flexbox.java)
  - FontManager.java (utils/FontManager.java)
  - FontManager.java (utils/FontManager.java)
  - FontManager.java (utils/FontManager.java)
  - FontManager.java (utils/FontManager.java)
  - FontManager.java (utils/FontManager.java)
  - FontManager.java (utils/FontManager.java)
  - FontManager.java (utils/FontManager.java)
  - FontManager.java (utils/FontManager.java)
  - FontManager.java (utils/FontManager.java)
  - FontManager.java (utils/FontManager.java)
  - FontManager.java (utils/FontManager.java)
  - FontManager.java (utils/FontManager.java)
  - GameController.java (controller/game/GameController.java)
  - GameData.java (state/clientState/GameData.java)
  - GameData.java (state/clientState/GameData.java)
  - GameData.java (state/clientState/GameData.java)
  - GameData.java (state/clientState/GameData.java)
  - GameData.java (state/clientState/GameData.java)
  - GameData.java (state/clientState/GameData.java)
  - GameData.java (state/clientState/GameData.java)
  - GameData.java (state/clientState/GameData.java)
  - GameOver.java (gameplayScreens/GameOver.java)
  - GameOver.java (gameplayScreens/GameOver.java)
  - GameOver.java (gameplayScreens/GameOver.java)
  - GameOver.java (gameplayScreens/GameOver.java)
  - GameOver.java (gameplayScreens/GameOver.java)
  - GameOver.java (gameplayScreens/GameOver.java)
  - GameState.java (state/clientState/GameState.java)
  - GameState.java (state/clientState/GameState.java)
  - GameState.java (state/clientState/GameState.java)
  - GameState.java (state/clientState/GameState.java)
  - GameState.java (state/clientState/GameState.java)
  - GameState.java (state/clientState/GameState.java)
  - GameState.java (state/clientState/GameState.java)
  - GameState.java (state/clientState/GameState.java)
  - GameState.java (state/clientState/GameState.java)
  - Gameplay.java (gameplayScreens/Gameplay.java)
  - Gameplay.java (gameplayScreens/Gameplay.java)
  - Gameplay.java (gameplayScreens/Gameplay.java)
  - Gameplay.java (gameplayScreens/Gameplay.java)
  - Gameplay.java (gameplayScreens/Gameplay.java)
  - Gameplay.java (gameplayScreens/Gameplay.java)
  - Header.java (UIComponents/Header.java)
  - Header.java (UIComponents/Header.java)
  - Header.java (UIComponents/Header.java)
  - Header.java (UIComponents/Header.java)
  - Header.java (UIComponents/Header.java)
  - Header.java (UIComponents/Header.java)
  - Header.java (UIComponents/Header.java)
  - Header.java (UIComponents/Header.java)
  - Header.java (UIComponents/Header.java)
  - Header.java (UIComponents/Header.java)
  - Header.java (UIComponents/Header.java)
  - Header.java (UIComponents/Header.java)
  - Header.java (UIComponents/Header.java)
  - Header.java (UIComponents/Header.java)
  - Header.java (UIComponents/Header.java)
  - Header.java (UIComponents/Header.java)
  - Header.java (UIComponents/Header.java)
  - Header.java (UIComponents/Header.java)
  - Header.java (UIComponents/Header.java)
  - HighscoreTable.java (saveData/HighscoreTable.java)
  - HighscoreTable.java (saveData/HighscoreTable.java)
  - HighscoreTable.java (saveData/HighscoreTable.java)
  - HighscoreTable.java (saveData/HighscoreTable.java)
  - HighscoreTable.java (saveData/HighscoreTable.java)
  - HighscoreTable.java (saveData/HighscoreTable.java)
  - History.java (saveData/History.java)
  - History.java (saveData/History.java)
  - History.java (saveData/History.java)
  - History.java (saveData/History.java)
  - History.java (saveData/History.java)
  - Identity.java (saveData/Identity.java)
  - Identity.java (saveData/Identity.java)
  - Identity.java (saveData/Identity.java)
  - Identity.java (saveData/Identity.java)
  - Identity.java (saveData/Identity.java)
  - InputField.java (UIComponents/InputField.java)
  - InputField.java (UIComponents/InputField.java)
  - InputField.java (UIComponents/InputField.java)
  - InputField.java (UIComponents/InputField.java)
  - InputField.java (UIComponents/InputField.java)
  - InputField.java (UIComponents/InputField.java)
  - InputField.java (UIComponents/InputField.java)
  - InputField.java (UIComponents/InputField.java)
  - InputField.java (UIComponents/InputField.java)
  - InputField.java (UIComponents/InputField.java)
  - InputField.java (UIComponents/InputField.java)
  - InstructionsPage.java (mainMenu/InstructionsPage.java)
  - InstructionsPage.java (mainMenu/InstructionsPage.java)
  - InstructionsPage.java (mainMenu/InstructionsPage.java)
  - InstructionsPage.java (mainMenu/InstructionsPage.java)
  - IntoRankingEvent.java (state/clientState/events/IntoRankingEvent.java)
  - IntoRankingEvent.java (state/clientState/events/IntoRankingEvent.java)
  - IntoRankingEvent.java (state/clientState/events/IntoRankingEvent.java)
  - IntoRankingEvent.java (state/clientState/events/IntoRankingEvent.java)
  - IntoRankingEvent.java (state/clientState/events/IntoRankingEvent.java)
  - IntoTyperacerEvent.java (state/clientState/events/IntoTyperacerEvent.java)
  - IntoTyperacerEvent.java (state/clientState/events/IntoTyperacerEvent.java)
  - IntoTyperacerEvent.java (state/clientState/events/IntoTyperacerEvent.java)
  - IntoTyperacerEvent.java (state/clientState/events/IntoTyperacerEvent.java)
  - IntoTyperacerEvent.java (state/clientState/events/IntoTyperacerEvent.java)
  - JoinEvent.java (state/clientState/events/JoinEvent.java)
  - JoinEvent.java (state/clientState/events/JoinEvent.java)
  - JoinEvent.java (state/clientState/events/JoinEvent.java)
  - JoinEvent.java (state/clientState/events/JoinEvent.java)
  - JoinEvent.java (state/clientState/events/JoinEvent.java)
  - LobbyEvent.java (state/clientState/lobbyState/LobbyEvent.java)
  - LobbyEvent.java (state/clientState/lobbyState/LobbyEvent.java)
  - LobbyEvent.java (state/clientState/lobbyState/LobbyEvent.java)
  - LobbyEvent.java (state/clientState/lobbyState/LobbyEvent.java)
  - LobbyJoinEvent.java (state/clientState/lobbyState/LobbyJoinEvent.java)
  - LobbyJoinEvent.java (state/clientState/lobbyState/LobbyJoinEvent.java)
  - LobbyJoinEvent.java (state/clientState/lobbyState/LobbyJoinEvent.java)
  - LobbyJoinEvent.java (state/clientState/lobbyState/LobbyJoinEvent.java)
  - LobbyJoinEvent.java (state/clientState/lobbyState/LobbyJoinEvent.java)
  - LobbyJoinEvent.java (state/clientState/lobbyState/LobbyJoinEvent.java)
  - LobbyReadyEvent.java (state/clientState/lobbyState/LobbyReadyEvent.java)
  - LobbyReadyEvent.java (state/clientState/lobbyState/LobbyReadyEvent.java)
  - LobbyReadyEvent.java (state/clientState/lobbyState/LobbyReadyEvent.java)
  - LobbyReadyEvent.java (state/clientState/lobbyState/LobbyReadyEvent.java)
  - LobbyReadyEvent.java (state/clientState/lobbyState/LobbyReadyEvent.java)
  - LobbyState.java (state/clientState/lobbyState/LobbyState.java)
  - LobbyState.java (state/clientState/lobbyState/LobbyState.java)
  - LobbyState.java (state/clientState/lobbyState/LobbyState.java)
  - LobbyState.java (state/clientState/lobbyState/LobbyState.java)
  - LobbyState.java (state/clientState/lobbyState/LobbyState.java)
  - LoginPage.java (login/LoginPage.java)
  - MainGame.java (gameplayScreens/MainGame.java)
  - MainGame.java (gameplayScreens/MainGame.java)
  - MainGame.java (gameplayScreens/MainGame.java)
  - MainGame.java (gameplayScreens/MainGame.java)
  - MainGame.java (gameplayScreens/MainGame.java)
  - MainGame.java (gameplayScreens/MainGame.java)
  - MainGame.java (gameplayScreens/MainGame.java)
  - MainGame.java (gameplayScreens/MainGame.java)
  - MainMenuPage.java (mainMenu/MainMenuPage.java)
  - MainMenuPage.java (mainMenu/MainMenuPage.java)
  - MainMenuPage.java (mainMenu/MainMenuPage.java)
  - MainMenuPage.java (mainMenu/MainMenuPage.java)
  - OpenRoom.java (playerScreen/OpenRoom.java)
  - OpenRoom.java (playerScreen/OpenRoom.java)
  - OpenRoom.java (playerScreen/OpenRoom.java)
  - OpenRoom.java (playerScreen/OpenRoom.java)
  - OpenRoom.java (playerScreen/OpenRoom.java)
  - OpenRoom.java (playerScreen/OpenRoom.java)
  - PageLayout.java (UIComponents/PageLayout.java)
  - PageLayout.java (UIComponents/PageLayout.java)
  - PageLayout.java (UIComponents/PageLayout.java)
  - PageLayout.java (UIComponents/PageLayout.java)
  - PageLayout.java (UIComponents/PageLayout.java)
  - PageLayout.java (UIComponents/PageLayout.java)
  - PageLayout.java (UIComponents/PageLayout.java)
  - PageLayout.java (UIComponents/PageLayout.java)
  - PageLayout.java (UIComponents/PageLayout.java)
  - PageLayout.java (UIComponents/PageLayout.java)
  - PageLayout.java (UIComponents/PageLayout.java)
  - PageLayout.java (UIComponents/PageLayout.java)
  - PageLayout.java (UIComponents/PageLayout.java)
  - PageLayout.java (UIComponents/PageLayout.java)
  - PageLayout.java (UIComponents/PageLayout.java)
  - Paragraph.java (state/serverState/paragraphGenerator/Paragraph.java)
  - Paragraph.java (state/serverState/paragraphGenerator/Paragraph.java)
  - ParagraphGenerator.java (state/serverState/paragraphGenerator/ParagraphGenerator.java)
  - ParagraphGenerator.java (state/serverState/paragraphGenerator/ParagraphGenerator.java)
  - ParentTeacherLoginPage.java (parentalControls/ParentTeacherLoginPage.java)
  - ParentTeacherLoginPage.java (parentalControls/ParentTeacherLoginPage.java)
  - ParentTeacherLoginPage.java (parentalControls/ParentTeacherLoginPage.java)
  - ParentTeacherLoginPage.java (parentalControls/ParentTeacherLoginPage.java)
  - ParentTeacherLoginPage.java (parentalControls/ParentTeacherLoginPage.java)
  - PartyServer.java (state/serverState/PartyServer.java)
  - PartyServer.java (state/serverState/PartyServer.java)
  - Player.java (state/clientState/Player.java)
  - Player.java (state/clientState/Player.java)
  - Player.java (state/clientState/Player.java)
  - Player.java (state/clientState/Player.java)
  - Player.java (state/clientState/Player.java)
  - Player.java (state/clientState/Player.java)
  - Player.java (state/clientState/Player.java)
  - Player.java (state/clientState/Player.java)
  - Player.java (state/clientState/Player.java)
  - Player.java (state/clientState/Player.java)
  - Player.java (state/clientState/Player.java)
  - Player.java (state/clientState/Player.java)
  - PlayerIcon.java (playerScreen/PlayerIcon.java)
  - PlayerIcon.java (playerScreen/PlayerIcon.java)
  - PlayerIcon.java (playerScreen/PlayerIcon.java)
  - PlayerIcon.java (playerScreen/PlayerIcon.java)
  - PlayerIcon.java (playerScreen/PlayerIcon.java)
  - PlayerIcon.java (playerScreen/PlayerIcon.java)
  - PlayerLobbyState.java (state/clientState/lobbyState/PlayerLobbyState.java)
  - PlayerLobbyState.java (state/clientState/lobbyState/PlayerLobbyState.java)
  - PlayerLobbyState.java (state/clientState/lobbyState/PlayerLobbyState.java)
  - PlayerLobbyState.java (state/clientState/lobbyState/PlayerLobbyState.java)
  - PlayerLobbyState.java (state/clientState/lobbyState/PlayerLobbyState.java)
  - PlayerLobbyState.java (state/clientState/lobbyState/PlayerLobbyState.java)
  - PlayerLobbyState.java (state/clientState/lobbyState/PlayerLobbyState.java)
  - PlayerLobbyState.java (state/clientState/lobbyState/PlayerLobbyState.java)
  - PlayerPlaceholder.java (playerScreen/PlayerPlaceholder.java)
  - PlayerPlaceholder.java (playerScreen/PlayerPlaceholder.java)
  - PlayerPlaceholder.java (playerScreen/PlayerPlaceholder.java)
  - PlayerPlaceholder.java (playerScreen/PlayerPlaceholder.java)
  - PlayerPlaceholder.java (playerScreen/PlayerPlaceholder.java)
  - PlayerPlaceholder.java (playerScreen/PlayerPlaceholder.java)
  - PlayerRankingState.java (state/clientState/rankState/PlayerRankingState.java)
  - PlayerRankingState.java (state/clientState/rankState/PlayerRankingState.java)
  - PlayerRankingState.java (state/clientState/rankState/PlayerRankingState.java)
  - PlayerRankingState.java (state/clientState/rankState/PlayerRankingState.java)
  - PlayerRankingState.java (state/clientState/rankState/PlayerRankingState.java)
  - PlayerRankingState.java (state/clientState/rankState/PlayerRankingState.java)
  - PlayerRankingState.java (state/clientState/rankState/PlayerRankingState.java)
  - PlayerRankingState.java (state/clientState/rankState/PlayerRankingState.java)
  - PlayerScreenPage.java (playerScreen/PlayerScreenPage.java)
  - PlayerScreenPage.java (playerScreen/PlayerScreenPage.java)
  - PlayerScreenPage.java (playerScreen/PlayerScreenPage.java)
  - PlayerScreenPage.java (playerScreen/PlayerScreenPage.java)
  - PlayerScreenPage.java (playerScreen/PlayerScreenPage.java)
  - PlayerScreenPage.java (playerScreen/PlayerScreenPage.java)
  - PlayerScreenPage.java (playerScreen/PlayerScreenPage.java)
  - PlayerScreenPage.java (playerScreen/PlayerScreenPage.java)
  - PlayerScreenPage.java (playerScreen/PlayerScreenPage.java)
  - PlayerScreenPage.java (playerScreen/PlayerScreenPage.java)
  - PlayerStatisticsPage.java (parentalControls/PlayerStatisticsPage.java)
  - PlayerStatisticsPage.java (parentalControls/PlayerStatisticsPage.java)
  - PlayerStatisticsPage.java (parentalControls/PlayerStatisticsPage.java)
  - PlayerStatisticsPage.java (parentalControls/PlayerStatisticsPage.java)
  - PlayerStatsCard.java (playerScreen/PlayerStatsCard.java)
  - PlayerStatsCard.java (playerScreen/PlayerStatsCard.java)
  - PlayerStatsCard.java (playerScreen/PlayerStatsCard.java)
  - PlayerStatsCard.java (playerScreen/PlayerStatsCard.java)
  - PlayerStatsCard.java (playerScreen/PlayerStatsCard.java)
  - PlayerStatsCard.java (playerScreen/PlayerStatsCard.java)
  - PlayerTyperacerState.java (state/clientState/typeracerState/PlayerTyperacerState.java)
  - PlayerTyperacerState.java (state/clientState/typeracerState/PlayerTyperacerState.java)
  - PlayerTyperacerState.java (state/clientState/typeracerState/PlayerTyperacerState.java)
  - PlayerTyperacerState.java (state/clientState/typeracerState/PlayerTyperacerState.java)
  - PlayerTyperacerState.java (state/clientState/typeracerState/PlayerTyperacerState.java)
  - PlayerTyperacerState.java (state/clientState/typeracerState/PlayerTyperacerState.java)
  - Powerup.java (gameplayScreens/Powerup.java)
  - Powerup.java (gameplayScreens/Powerup.java)
  - Powerup.java (gameplayScreens/Powerup.java)
  - Powerup.java (gameplayScreens/Powerup.java)
  - Powerup.java (gameplayScreens/Powerup.java)
  - Powerup.java (state/clientState/Powerup.java)
  - Powerup.java (state/clientState/Powerup.java)
  - Powerup.java (state/clientState/Powerup.java)
  - Powerup.java (state/clientState/Powerup.java)
  - Powerup.java (state/clientState/Powerup.java)
  - PowerupKey.java (gameplayScreens/PowerupKey.java)
  - PowerupKey.java (gameplayScreens/PowerupKey.java)
  - PowerupKey.java (gameplayScreens/PowerupKey.java)
  - PowerupKey.java (gameplayScreens/PowerupKey.java)
  - PowerupKey.java (gameplayScreens/PowerupKey.java)
  - Powerups.java (state/clientState/Powerups.java)
  - Powerups.java (state/clientState/Powerups.java)
  - Powerups.java (state/clientState/Powerups.java)
  - Powerups.java (state/clientState/Powerups.java)
  - Powerups.java (state/clientState/Powerups.java)
  - Powerups.java (state/clientState/Powerups.java)
  - Powerups.java (state/clientState/Powerups.java)
  - Powerups.java (state/clientState/Powerups.java)
  - RankReadyEvent.java (state/clientState/rankState/RankReadyEvent.java)
  - RankReadyEvent.java (state/clientState/rankState/RankReadyEvent.java)
  - RankReadyEvent.java (state/clientState/rankState/RankReadyEvent.java)
  - RankReadyEvent.java (state/clientState/rankState/RankReadyEvent.java)
  - RankReadyEvent.java (state/clientState/rankState/RankReadyEvent.java)
  - RankRestartToggleEvent.java (state/clientState/rankState/RankRestartToggleEvent.java)
  - RankRestartToggleEvent.java (state/clientState/rankState/RankRestartToggleEvent.java)
  - RankRestartToggleEvent.java (state/clientState/rankState/RankRestartToggleEvent.java)
  - RankRestartToggleEvent.java (state/clientState/rankState/RankRestartToggleEvent.java)
  - RankRestartToggleEvent.java (state/clientState/rankState/RankRestartToggleEvent.java)
  - RankState.java (state/clientState/rankState/RankState.java)
  - RankState.java (state/clientState/rankState/RankState.java)
  - RankState.java (state/clientState/rankState/RankState.java)
  - RankState.java (state/clientState/rankState/RankState.java)
  - RankState.java (state/clientState/rankState/RankState.java)
  - RankState.java (state/clientState/rankState/RankState.java)
  - Ranking.java (state/clientState/rankState/Ranking.java)
  - Ranking.java (state/clientState/rankState/Ranking.java)
  - Ranking.java (state/clientState/rankState/Ranking.java)
  - Ranking.java (state/clientState/rankState/Ranking.java)
  - Ranking.java (state/clientState/rankState/Ranking.java)
  - Ranking.java (state/clientState/rankState/Ranking.java)
  - Ranking.java (state/clientState/rankState/Ranking.java)
  - Ranking.java (state/clientState/rankState/Ranking.java)
  - Ranking.java (state/clientState/rankState/Ranking.java)
  - RawEvent.java (eventSystem/networking/RawEvent.java)
  - RawEvent.java (eventSystem/networking/RawEvent.java)
  - RawEvent.java (eventSystem/networking/RawEvent.java)
  - RawEvent.java (eventSystem/networking/RawEvent.java)
  - RawEvent.java (eventSystem/networking/RawEvent.java)
  - RawEvent.java (eventSystem/networking/RawEvent.java)
  - ResetPasswordPage.java (parentalControls/ResetPasswordPage.java)
  - ResetPasswordPage.java (parentalControls/ResetPasswordPage.java)
  - ResetPasswordPage.java (parentalControls/ResetPasswordPage.java)
  - ResetPasswordPage.java (parentalControls/ResetPasswordPage.java)
  - ResponseEvent.java (eventSystem/events/ResponseEvent.java)
  - ResponseEvent.java (eventSystem/events/ResponseEvent.java)
  - ResponseEvent.java (eventSystem/events/ResponseEvent.java)
  - ResponseEvent.java (eventSystem/events/ResponseEvent.java)
  - ResponseEvent.java (eventSystem/events/ResponseEvent.java)
  - ResponseEvent.java (eventSystem/events/ResponseEvent.java)
  - ResponseEvent.java (eventSystem/events/ResponseEvent.java)
  - ResponseEvent.java (eventSystem/events/ResponseEvent.java)
  - Room.java (broadcasting/Room.java)
  - Room.java (broadcasting/Room.java)
  - Room.java (broadcasting/Room.java)
  - Room.java (broadcasting/Room.java)
  - RoomFinder.java (broadcasting/RoomFinder.java)
  - RoomFinder.java (broadcasting/RoomFinder.java)
  - RoomFinder.java (broadcasting/RoomFinder.java)
  - RoomServer.java (broadcasting/RoomServer.java)
  - RoomServer.java (broadcasting/RoomServer.java)
  - RoomServer.java (broadcasting/RoomServer.java)
  - RoomServer.java (broadcasting/RoomServer.java)
  - RoomServer.java (broadcasting/RoomServer.java)
  - RoomServer.java (broadcasting/RoomServer.java)
  - SaveData.java (saveData/SaveData.java)
  - SaveData.java (saveData/SaveData.java)
  - SaveData.java (saveData/SaveData.java)
  - SaveData.java (saveData/SaveData.java)
  - SaveData.java (saveData/SaveData.java)
  - SaveData.java (saveData/SaveData.java)
  - SaveData.java (saveData/SaveData.java)
  - SaveData.java (saveData/SaveData.java)
  - SaveData.java (saveData/SaveData.java)
  - SaveData.java (saveData/SaveData.java)
  - SaveData.java (saveData/SaveData.java)
  - SaveData.java (saveData/SaveData.java)
  - SaveData.java (saveData/SaveData.java)
  - ScoreRecord.java (mainMenu/ScoreRecord.java)
  - ScoreRecord.java (mainMenu/ScoreRecord.java)
  - ScoreRecord.java (mainMenu/ScoreRecord.java)
  - ScreenController.java (controller/screens/ScreenController.java)
  - ScreenEvent.java (controller/screens/screenEvent/ScreenEvent.java)
  - ScreenEvent.java (controller/screens/screenEvent/ScreenEvent.java)
  - ScreenEvent.java (controller/screens/screenEvent/ScreenEvent.java)
  - ScreenEvent.java (controller/screens/screenEvent/ScreenEvent.java)
  - ScreenEvent.java (controller/screens/screenEvent/ScreenEvent.java)
  - ScreenEvent.java (controller/screens/screenEvent/ScreenEvent.java)
  - ScreenEvent.java (controller/screens/screenEvent/ScreenEvent.java)
  - ScreenEvent.java (controller/screens/screenEvent/ScreenEvent.java)
  - ScreenEvent.java (controller/screens/screenEvent/ScreenEvent.java)
  - ScreenEvent.java (controller/screens/screenEvent/ScreenEvent.java)
  - ScreenEvent.java (controller/screens/screenEvent/ScreenEvent.java)
  - ScreenEvent.java (controller/screens/screenEvent/ScreenEvent.java)
  - ScreenEventBus.java (controller/screens/screenEvent/ScreenEventBus.java)
  - ScreenEventBus.java (controller/screens/screenEvent/ScreenEventBus.java)
  - ScreenEventBus.java (controller/screens/screenEvent/ScreenEventBus.java)
  - ScreenEventBus.java (controller/screens/screenEvent/ScreenEventBus.java)
  - ScreenEventBus.java (controller/screens/screenEvent/ScreenEventBus.java)
  - ScreenEventBus.java (controller/screens/screenEvent/ScreenEventBus.java)
  - ScreenEventBus.java (controller/screens/screenEvent/ScreenEventBus.java)
  - ScreenEventBus.java (controller/screens/screenEvent/ScreenEventBus.java)
  - ScreenEventBus.java (controller/screens/screenEvent/ScreenEventBus.java)
  - ScreenEventBus.java (controller/screens/screenEvent/ScreenEventBus.java)
  - ScreenEventBus.java (controller/screens/screenEvent/ScreenEventBus.java)
  - ScreenEventBus.java (controller/screens/screenEvent/ScreenEventBus.java)
  - ScreenEventBus.java (controller/screens/screenEvent/ScreenEventBus.java)
  - ScreenEventBus.java (controller/screens/screenEvent/ScreenEventBus.java)
  - ScreenEventBus.java (controller/screens/screenEvent/ScreenEventBus.java)
  - ScreenEventBus.java (controller/screens/screenEvent/ScreenEventBus.java)
  - ScreenEventBus.java (controller/screens/screenEvent/ScreenEventBus.java)
  - ScreenEventBus.java (controller/screens/screenEvent/ScreenEventBus.java)
  - ScreenEventListener.java (controller/screens/screenEvent/ScreenEventListener.java)
  - ScreenEventListener.java (controller/screens/screenEvent/ScreenEventListener.java)
  - ScreenEventListener.java (controller/screens/screenEvent/ScreenEventListener.java)
  - Server.java (eventSystem/networking/server/Server.java)
  - Server.java (eventSystem/networking/server/Server.java)
  - ServerEventEngine.java (eventSystem/engine/ServerEventEngine.java)
  - ServerEventEngine.java (eventSystem/engine/ServerEventEngine.java)
  - ServerEventEngine.java (eventSystem/engine/ServerEventEngine.java)
  - ServerPlayerTypeState.java (state/serverState/ServerPlayerTypeState.java)
  - StandaloneEvent.java (eventSystem/events/StandaloneEvent.java)
  - StandaloneEvent.java (eventSystem/events/StandaloneEvent.java)
  - StandaloneEvent.java (eventSystem/events/StandaloneEvent.java)
  - StandaloneEvent.java (eventSystem/events/StandaloneEvent.java)
  - StandaloneEvent.java (eventSystem/events/StandaloneEvent.java)
  - StandaloneEvent.java (eventSystem/events/StandaloneEvent.java)
  - StandaloneEvent.java (eventSystem/events/StandaloneEvent.java)
  - StandaloneEvent.java (eventSystem/events/StandaloneEvent.java)
  - StandaloneEvent.java (eventSystem/events/StandaloneEvent.java)
  - StandaloneEvent.java (eventSystem/events/StandaloneEvent.java)
  - StandaloneEvent.java (eventSystem/events/StandaloneEvent.java)
  - StandaloneEvent.java (eventSystem/events/StandaloneEvent.java)
  - StandaloneEvent.java (eventSystem/events/StandaloneEvent.java)
  - StandaloneEvent.java (eventSystem/events/StandaloneEvent.java)
  - StandaloneEvent.java (eventSystem/events/StandaloneEvent.java)
  - StandaloneEvent.java (eventSystem/events/StandaloneEvent.java)
  - StandaloneEvent.java (eventSystem/events/StandaloneEvent.java)
  - StandaloneEvent.java (eventSystem/events/StandaloneEvent.java)
  - Stats.java (saveData/Stats.java)
  - Stats.java (saveData/Stats.java)
  - Stats.java (saveData/Stats.java)
  - Stats.java (saveData/Stats.java)
  - Stats.java (saveData/Stats.java)
  - Stats.java (saveData/Stats.java)
  - Stats.java (saveData/Stats.java)
  - Stats.java (saveData/Stats.java)
  - Stats.java (saveData/Stats.java)
  - Stats.java (saveData/Stats.java)
  - Stats.java (saveData/Stats.java)
  - StyledButton.java (UIComponents/StyledButton.java)
  - StyledButton.java (UIComponents/StyledButton.java)
  - StyledButton.java (UIComponents/StyledButton.java)
  - StyledButton.java (UIComponents/StyledButton.java)
  - StyledButton.java (UIComponents/StyledButton.java)
  - StyledButton.java (UIComponents/StyledButton.java)
  - StyledButton.java (UIComponents/StyledButton.java)
  - StyledButton.java (UIComponents/StyledButton.java)
  - StyledButton.java (UIComponents/StyledButton.java)
  - StyledButton.java (UIComponents/StyledButton.java)
  - StyledButton.java (UIComponents/StyledButton.java)
  - StyledButton.java (UIComponents/StyledButton.java)
  - StyledButton.java (UIComponents/StyledButton.java)
  - StyledButton.java (UIComponents/StyledButton.java)
  - StyledButton.java (UIComponents/StyledButton.java)
  - StyledButton.java (UIComponents/StyledButton.java)
  - Subheader.java (UIComponents/Subheader.java)
  - Subheader.java (UIComponents/Subheader.java)
  - Subheader.java (UIComponents/Subheader.java)
  - Subheader.java (UIComponents/Subheader.java)
  - Subheader.java (UIComponents/Subheader.java)
  - Subheader.java (UIComponents/Subheader.java)
  - Subheader.java (UIComponents/Subheader.java)
  - Subheader.java (UIComponents/Subheader.java)
  - Subheader.java (UIComponents/Subheader.java)
  - Subheader.java (UIComponents/Subheader.java)
  - Subheader.java (UIComponents/Subheader.java)
  - Subheader.java (UIComponents/Subheader.java)
  - Subheader.java (UIComponents/Subheader.java)
  - Subheader.java (UIComponents/Subheader.java)
  - TeacherControlsPage.java (parentalControls/TeacherControlsPage.java)
  - TeacherControlsPage.java (parentalControls/TeacherControlsPage.java)
  - TeacherControlsPage.java (parentalControls/TeacherControlsPage.java)
  - TeacherControlsPage.java (parentalControls/TeacherControlsPage.java)
  - TeacherControlsPage.java (parentalControls/TeacherControlsPage.java)
  - Text.java (UIComponents/Text.java)
  - Text.java (UIComponents/Text.java)
  - Text.java (UIComponents/Text.java)
  - Text.java (UIComponents/Text.java)
  - Text.java (UIComponents/Text.java)
  - Text.java (UIComponents/Text.java)
  - Text.java (UIComponents/Text.java)
  - Text.java (UIComponents/Text.java)
  - Text.java (UIComponents/Text.java)
  - Text.java (UIComponents/Text.java)
  - Text.java (UIComponents/Text.java)
  - Text.java (UIComponents/Text.java)
  - Text.java (UIComponents/Text.java)
  - Text.java (UIComponents/Text.java)
  - Text.java (UIComponents/Text.java)
  - Text.java (UIComponents/Text.java)
  - TraceableRawEvent.java (eventSystem/networking/server/TraceableRawEvent.java)
  - TraceableRawEvent.java (eventSystem/networking/server/TraceableRawEvent.java)
  - Tuple.java (utils/Tuple.java)
  - Tuple.java (utils/Tuple.java)
  - Tuple.java (utils/Tuple.java)
  - Tuple.java (utils/Tuple.java)
  - Tuple.java (utils/Tuple.java)
  - Tuple.java (utils/Tuple.java)
  - Tuple.java (utils/Tuple.java)
  - Tuple.java (utils/Tuple.java)
  - TyperacerState.java (state/clientState/typeracerState/TyperacerState.java)
  - TyperacerState.java (state/clientState/typeracerState/TyperacerState.java)
  - TyperacerState.java (state/clientState/typeracerState/TyperacerState.java)
  - TyperacerState.java (state/clientState/typeracerState/TyperacerState.java)
  - TyperacerState.java (state/clientState/typeracerState/TyperacerState.java)
  - TyperacerStatusEvent.java (state/clientState/typeracerState/TyperacerStatusEvent.java)
  - TyperacerStatusEvent.java (state/clientState/typeracerState/TyperacerStatusEvent.java)
  - TyperacerStatusEvent.java (state/clientState/typeracerState/TyperacerStatusEvent.java)
  - TyperacerStatusEvent.java (state/clientState/typeracerState/TyperacerStatusEvent.java)
  - TyperacerTypeEvent.java (state/clientState/typeracerState/TyperacerTypeEvent.java)
  - TyperacerTypeEvent.java (state/clientState/typeracerState/TyperacerTypeEvent.java)
  - TyperacerTypeEvent.java (state/clientState/typeracerState/TyperacerTypeEvent.java)
  - TyperacerTypeEvent.java (state/clientState/typeracerState/TyperacerTypeEvent.java)
  - ViewHighScoresPage.java (mainMenu/ViewHighScoresPage.java)
  - ViewHighScoresPage.java (mainMenu/ViewHighScoresPage.java)
  - ViewHighScoresPage.java (mainMenu/ViewHighScoresPage.java)
  - ViewHighScoresPage.java (mainMenu/ViewHighScoresPage.java)
  - WaitingRoomPage.java (playerScreen/WaitingRoomPage.java)
  - WaitingRoomPage.java (playerScreen/WaitingRoomPage.java)
  - WaitingRoomPage.java (playerScreen/WaitingRoomPage.java)
  - WaitingRoomPage.java (playerScreen/WaitingRoomPage.java)
  - WaitingRoomPage.java (playerScreen/WaitingRoomPage.java)
  - WaitingRoomPage.java (playerScreen/WaitingRoomPage.java)
  - WaitingRoomPage.java (playerScreen/WaitingRoomPage.java)
Account.java (saveData/Account.java)
App.java (App.java)
Boat.java (gameplayScreens/Boat.java)
Client.java (eventSystem/networking/client/Client.java)
ClientEventEngine.java (eventSystem/engine/ClientEventEngine.java)
ClientState.java (state/clientState/ClientState.java)
ColorManager.java (utils/ColorManager.java)
Controller.java (controller/Controller.java)
CreateAccountPage.java (parentalControls/CreateAccountPage.java)
Dependancy graph
DisconnectEvent.java (state/clientState/events/DisconnectEvent.java)
EchoServer.java (eventSystem/engine/EchoServer.java)
Event.java (eventSystem/events/Event.java)
EventCallback.java (eventSystem/events/EventCallback.java)
EventCoder.java (eventSystem/events/EventCoder.java)
EventManager.java (eventSystem/events/EventManager.java)
FindRoomsPage.java (playerScreen/FindRoomsPage.java)
Flexbox.java (UIComponents/Flexbox.java)
FontManager.java (utils/FontManager.java)
GameController.java (controller/game/GameController.java)
GameData.java (state/clientState/GameData.java)
GameOver.java (gameplayScreens/GameOver.java)
GameState.java (state/clientState/GameState.java)
Gameplay.java (gameplayScreens/Gameplay.java)
Header.java (UIComponents/Header.java)
HighscoreTable.java (saveData/HighscoreTable.java)
History.java (saveData/History.java)
Identity.java (saveData/Identity.java)
InputField.java (UIComponents/InputField.java)
InstructionsPage.java (mainMenu/InstructionsPage.java)
IntoRankingEvent.java (state/clientState/events/IntoRankingEvent.java)
IntoTyperacerEvent.java (state/clientState/events/IntoTyperacerEvent.java)
JoinEvent.java (state/clientState/events/JoinEvent.java)
LobbyEvent.java (state/clientState/lobbyState/LobbyEvent.java)
LobbyJoinEvent.java (state/clientState/lobbyState/LobbyJoinEvent.java)
LobbyReadyEvent.java (state/clientState/lobbyState/LobbyReadyEvent.java)
LobbyState.java (state/clientState/lobbyState/LobbyState.java)
LoginPage.java (login/LoginPage.java)
MainGame.java (gameplayScreens/MainGame.java)
MainMenuPage.java (mainMenu/MainMenuPage.java)
OpenRoom.java (playerScreen/OpenRoom.java)
PageLayout.java (UIComponents/PageLayout.java)
Paragraph.java (state/serverState/paragraphGenerator/Paragraph.java)
ParagraphGenerator.java (state/serverState/paragraphGenerator/ParagraphGenerator.java)
ParentTeacherLoginPage.java (parentalControls/ParentTeacherLoginPage.java)
PartyServer.java (state/serverState/PartyServer.java)
Player.java (state/clientState/Player.java)
PlayerIcon.java (playerScreen/PlayerIcon.java)
PlayerLobbyState.java (state/clientState/lobbyState/PlayerLobbyState.java)
PlayerPlaceholder.java (playerScreen/PlayerPlaceholder.java)
PlayerRankingState.java (state/clientState/rankState/PlayerRankingState.java)
PlayerScreenPage.java (playerScreen/PlayerScreenPage.java)
PlayerStatisticsPage.java (parentalControls/PlayerStatisticsPage.java)
PlayerStatsCard.java (playerScreen/PlayerStatsCard.java)
PlayerTyperacerState.java (state/clientState/typeracerState/PlayerTyperacerState.java)
Powerup.java (gameplayScreens/Powerup.java)
Powerup.java (state/clientState/Powerup.java)
PowerupKey.java (gameplayScreens/PowerupKey.java)
Powerups.java (state/clientState/Powerups.java)
RankReadyEvent.java (state/clientState/rankState/RankReadyEvent.java)
RankRestartToggleEvent.java (state/clientState/rankState/RankRestartToggleEvent.java)
RankState.java (state/clientState/rankState/RankState.java)
Ranking.java (state/clientState/rankState/Ranking.java)
RawEvent.java (eventSystem/networking/RawEvent.java)
ResetPasswordPage.java (parentalControls/ResetPasswordPage.java)
ResponseEvent.java (eventSystem/events/ResponseEvent.java)
Room.java (broadcasting/Room.java)
RoomFinder.java (broadcasting/RoomFinder.java)
RoomServer.java (broadcasting/RoomServer.java)
SaveData.java (saveData/SaveData.java)
ScoreRecord.java (mainMenu/ScoreRecord.java)
ScreenController.java (controller/screens/ScreenController.java)
ScreenEvent.java (controller/screens/screenEvent/ScreenEvent.java)
ScreenEventBus.java (controller/screens/screenEvent/ScreenEventBus.java)
ScreenEventListener.java (controller/screens/screenEvent/ScreenEventListener.java)
Server.java (eventSystem/networking/server/Server.java)
ServerEventEngine.java (eventSystem/engine/ServerEventEngine.java)
ServerPlayerTypeState.java (state/serverState/ServerPlayerTypeState.java)
StandaloneEvent.java (eventSystem/events/StandaloneEvent.java)
Stats.java (saveData/Stats.java)
StyledButton.java (UIComponents/StyledButton.java)
Subheader.java (UIComponents/Subheader.java)
Syncing dependancies
TeacherControlsPage.java (parentalControls/TeacherControlsPage.java)
Text.java (UIComponents/Text.java)
TraceableRawEvent.java (eventSystem/networking/server/TraceableRawEvent.java)
Tuple.java (utils/Tuple.java)
TyperacerState.java (state/clientState/typeracerState/TyperacerState.java)
TyperacerStatusEvent.java (state/clientState/typeracerState/TyperacerStatusEvent.java)
TyperacerTypeEvent.java (state/clientState/typeracerState/TyperacerTypeEvent.java)
ViewHighScoresPage.java (mainMenu/ViewHighScoresPage.java)
WaitingRoomPage.java (playerScreen/WaitingRoomPage.java)
