---
source: tests/suite/incremental_build_test.rs
expression: "normalize_output(&run(&dest, &[\"build\", \"--show-compiled\"])?, &dest)"
---
    Validating lib
    Validating lib-annotations
  <ROOT>/src/Main.java
  <ROOT>/src/greeting/Formatter.java
  <ROOT>/src/lib/Greeter.java
  <ROOT>/src/math/Adder.java
  <ROOT>/src/math/Calc.java
  <ROOT>/src/math/Subtracter.java
  <ROOT>/src/ui/Painter.java
  <ROOT>/src/util/Strings.java
Compiled in <TIME>s
Compiling using full build (8 files)
Creating annotation library directory: <ROOT>/target/lib-annotations
Creating build directory: <ROOT>/target/bin
Creating build processor directory: <ROOT>/target/processor-bin
Creating generated src directory: <ROOT>/target/generated-source
Creating library directory: <ROOT>/target/lib
Syncing dependancies
