---
source: tests/suite/incremental_build_test.rs
expression: "normalize_output(&run(&dest, &[\"build\", \"dependencies\"])?, &dest)"
---
    Validating lib
    Validating lib-annotations
  - Adder.java (math/Adder.java)
  - Adder.java (math/Adder.java)
  - Calc.java (math/Calc.java)
  - Calc.java (math/Calc.java)
  - Calc.java (math/Calc.java)
  - Formatter.java (greeting/Formatter.java)
  - Formatter.java (greeting/Formatter.java)
  - Greeter.java (lib/Greeter.java)
  - Greeter.java (lib/Greeter.java)
  - Subtracter.java (math/Subtracter.java)
  - Subtracter.java (math/Subtracter.java)
Adder.java (math/Adder.java)
Calc.java (math/Calc.java)
Dependency graph
Formatter.java (greeting/Formatter.java)
Greeter.java (lib/Greeter.java)
Main.java (Main.java)
Painter.java (ui/Painter.java)
Strings.java (util/Strings.java)
Subtracter.java (math/Subtracter.java)
Syncing dependencies
